// Jest Snapshot v1, https://goo.gl/fbAQLP

exports[`Pruebas en <GifItem /> Debe de hacer match con el snapshot 1`] = `
<div>
  <div
    class="card"
  >
    <img
      alt="Hola, soy Goku"
      class="card img"
      src="https://qweqweqwe.png"
    />
    <p
      class="card p"
    >
      Hola, soy Goku
    </p>
  </div>
</div>
`;
